[KeOps] Compiling cuda jit compiler engine ... OK
[pyKeOps] Compiling nvrtc binder for python ... OK
[manifest] loaded /projects/ammoniacomb/generative_reconstruction/kolmogorov2d/kolmogorov2d_manifest.json
[data] train 2560 frames (t=0..2559), test 640 frames (t=2560..3199), N=65536 C=1
[data] train-split mean=[-2.213823e-08] std=[4.818381]
[grid] side=256 dx=[0.02454369 0.02454369] box=[6.28318541 6.28318541] periodic=False
[sensors] --n-sensors not given; defaulting to 1% of N = 655 per observed field
[data] test frames loaded in 0.2s, peak RSS 0.7 GB
[verify] np.percentile fast path identical=True (0.0s -> 0.0s per snapshot)
[constant] train-mean aggregate relL2=1.0000 CRPS=0.7529
[constant] per-field CRPS: vorticity:0.7529
[pod] train matrix (2560, 65536) loaded/centred in 0.6s, peak RSS 1.3 GB
[pod] rank 80 (cum-energy 0.7052); fit wall 1.9s cpu 10.5s peak RSS 1.6 GB

===== n_sensors=655 (0.999% of 65536) : sensor draw 1.0s on cuda:0 =====
[seedcheck] snap=0 sensors=655 idx_sum=20675798 device=cuda:0
[kdtree n=655] agg relL2=0.5883 CRPS=0.3749 | vorticity:0.5883/0.3749 | 0.01 s/field
[idw n=655] agg relL2=0.5459 CRPS=0.3849 | vorticity:0.5459/0.3849 | 0.01 s/field
[gappy_pod n=655 r=80] agg relL2=0.6797 CRPS=0.5105 | vorticity:0.6797/0.5105 | 0.04 s/field

[out] wrote ../Save_TrainedModel/kolmogorov2d/baseline_classical/classical_baselines_main_1pct_nonperiodic_2d.json
[manifest] loaded /projects/ammoniacomb/generative_reconstruction/kolmogorov2d/kolmogorov2d_manifest.json
[data] train 2560 frames (t=0..2559), test 640 frames (t=2560..3199), N=65536 C=1
[data] train-split mean=[-2.213823e-08] std=[4.818381]
[grid] side=256 dx=[0.02454369 0.02454369] box=[6.28318541 6.28318541] periodic=True
[sensors] --n-sensors not given; defaulting to 1% of N = 655 per observed field
[data] test frames loaded in 0.1s, peak RSS 0.7 GB
[constant] train-mean aggregate relL2=1.0000 CRPS=0.7529
[constant] per-field CRPS: vorticity:0.7529
[pod] train matrix (2560, 65536) loaded/centred in 0.6s, peak RSS 1.3 GB
[pod] rank 80 (cum-energy 0.7052); fit wall 1.8s cpu 10.4s peak RSS 1.6 GB

===== n_sensors=655 (0.999% of 65536) : sensor draw 0.8s on cuda:0 =====
[seedcheck] snap=0 sensors=655 idx_sum=20675798 device=cuda:0
[kdtree n=655] agg relL2=0.5820 CRPS=0.3711 | vorticity:0.5820/0.3711 | 0.01 s/field
[idw n=655] agg relL2=0.5305 CRPS=0.3752 | vorticity:0.5305/0.3752 | 0.02 s/field
[gappy_pod n=655 r=80] agg relL2=0.6797 CRPS=0.5105 | vorticity:0.6797/0.5105 | 0.04 s/field

[out] wrote ../Save_TrainedModel/kolmogorov2d/baseline_classical/classical_baselines_main_1pct_periodic_2d.json
classical kolm2d done
